// Jest Snapshot v1, https://goo.gl/fbAQLP

exports[`Components Loader renders <Loader> as a snapshot 1`] = `ShallowWrapper {}`;
